../Core/Src/main.c:77:6:CAN_filter_config_init	48	static
../Core/Src/main.c:95:6:CAN_transmit_init	4	static
../Core/Src/main.c:103:6:transmit_data_block	16	static
../Core/Src/main.c:116:6:HAL_GPIO_EXTI_Callback	24	static
../Core/Src/main.c:152:6:HAL_ADC_ConvCpltCallback	16	static
../Core/Src/main.c:171:5:main	8	static
../Core/Src/main.c:234:6:SystemClock_Config	96	static
../Core/Src/main.c:281:13:MX_ADC1_Init	24	static
../Core/Src/main.c:328:13:MX_CAN_Init	8	static
../Core/Src/main.c:363:13:MX_DMA_Init	16	static
../Core/Src/main.c:381:13:MX_GPIO_Init	40	static
../Core/Src/main.c:435:6:Error_Handler	4	static,ignoring_inline_asm
