../Core/Src/main.c:77:6:CAN_TXinit	4	static
../Core/Src/main.c:85:6:CAN_transmit_succeed	16	static
../Core/Src/main.c:93:6:CAN_transmit_Fail	16	static
../Core/Src/main.c:104:6:CAN_ConfigFilter	48	static
../Core/Src/main.c:121:6:CAN_Receive_Init	8	static
../Core/Src/main.c:128:6:HAL_CAN_RxFifo0MsgPendingCallback	64	static
../Core/Src/main.c:149:6:CAN_Receive_Loop	4	static
../Core/Src/main.c:169:5:main	8	static
../Core/Src/main.c:216:6:SystemClock_Config	72	static
../Core/Src/main.c:256:13:MX_CAN_Init	8	static
../Core/Src/main.c:293:13:MX_GPIO_Init	16	static
../Core/Src/main.c:316:6:Error_Handler	4	static,ignoring_inline_asm
